// Jest Snapshot v1, https://goo.gl/fbAQLP

exports[`should render a tooltip component 1`] = `ShallowWrapper {}`;
