// Jest Snapshot v1, https://goo.gl/fbAQLP

exports[`should render input 1`] = `ShallowWrapper {}`;
